Starting a Gradle Daemon (subsequent builds will be faster)
Reusing configuration cache.
> Task :clean
> Task :jarJar NO-SOURCE
> Task :processTestResources NO-SOURCE
> Task :generateModMetadata
> Task :processResources

> Task :createMinecraftArtifacts
Loaded 145 artifacts from C:\Users\youra\Desktop\tensura mods\TNO-Tensura-Compat\TNO-Tensura-Compat\build\tmp\createMinecraftArtifacts\nfrt_artifact_manifest.properties
*** Started working on downloadJson
 DONE  Completed downloadJson in 0.02s
*** Started working on downloadClient
*** Started working on downloadServer
*** Started working on downloadClientMappings
 DONE  Completed downloadClient in 0.03s
 DONE  Completed downloadClientMappings in 0.03s
 DONE  Completed downloadServer in 0.03s
*** Started working on mergeMappings
 REUSE Used cache of mergeMappings in 0.00s
*** Started working on stripClient
 REUSE Used cache of stripClient in 0.00s
*** Started working on extractServer
 REUSE Used cache of extractServer in 0.00s
*** Started working on stripServer
 REUSE Used cache of stripServer in 0.00s
*** Started working on merge
 REUSE Used cache of merge in 0.00s
*** Started working on rename
 REUSE Used cache of rename in 0.00s
*** Started working on decompile
 REUSE Used cache of decompile in 0.00s
*** Started working on inject
 REUSE Used cache of inject in 0.00s
*** Started working on patch
 REUSE Used cache of patch in 0.00s
*** Started working on applyNeoforgePatches
 REUSE Used cache of applyNeoforgePatches in 0.00s
*** Started working on transformSources
 REUSE Used cache of transformSources in 0.00s
*** Started working on recompile
 REUSE Used cache of recompile in 0.00s
*** Started working on sourcesWithNeoForge
 REUSE Used cache of sourcesWithNeoForge in 0.00s
*** Started working on compiledWithNeoForge
 REUSE Used cache of compiledWithNeoForge in 0.00s
*** Started working on sourcesAndCompiledWithNeoForge
 REUSE Used cache of sourcesAndCompiledWithNeoForge in 0.00s
Total runtime: 1.88s


> Task :compileJava FROM-CACHE
> Task :classes
> Task :compileTestJava FROM-CACHE
> Task :testClasses UP-TO-DATE
> Task :test FROM-CACHE
> Task :check UP-TO-DATE
> Task :jar
> Task :assemble
> Task :build

BUILD SUCCESSFUL in 7s
8 actionable tasks: 5 executed, 3 from cache
Configuration cache entry reused.
